2026-04-28 09:39:44,950 - config - INFO - ✓ Database URL configured for direct data loading
2026-04-28 09:39:45,038 - __main__ - INFO - ℹ Laden van extra data uit 'participants'...
2026-04-28 09:39:45,073 - __main__ - INFO - ℹ Bouwen van users_met_scores uit completions...
2026-04-28 09:39:46,348 - __main__ - INFO - ✓ Postcodes gekoppeld: 0 records
2026-04-28 09:39:46,348 - __main__ - INFO - ✓ Geconsolideerd: 4467 deelnemers gevonden via completions
2026-04-28 10:42:14,375 - config - INFO - ✓ Database URL configured for direct data loading
2026-04-28 10:42:14,469 - __main__ - INFO - ℹ Laden van extra data uit 'participants'...
2026-04-28 10:42:14,498 - __main__ - INFO - ℹ Bouwen van users_met_scores uit completions...
2026-04-28 10:42:15,859 - __main__ - INFO - ✓ Postcodes gekoppeld: 0 records
2026-04-28 10:42:15,860 - __main__ - INFO - ✓ Geconsolideerd: 4467 deelnemers gevonden via completions
2026-04-28 10:43:29,609 - config - INFO - ✓ Database URL configured for direct data loading
2026-04-28 10:43:29,695 - __main__ - INFO - ℹ Laden van extra data uit 'participants'...
2026-04-28 10:43:29,724 - __main__ - INFO - ℹ Bouwen van users_met_scores uit completions...
2026-04-28 10:43:31,024 - __main__ - INFO - ✓ Postcodes gekoppeld: 0 records
2026-04-28 10:43:31,024 - __main__ - INFO - ✓ Geconsolideerd: 4467 deelnemers gevonden via completions
2026-04-28 10:46:04,740 - config - INFO - ✓ Database URL configured for direct data loading
2026-04-28 10:46:04,825 - __main__ - INFO - ℹ Laden van extra data uit 'participants'...
2026-04-28 10:46:04,853 - __main__ - INFO - ℹ Bouwen van users_met_scores uit completions...
2026-04-28 10:46:06,067 - __main__ - INFO - ✓ Postcodes gekoppeld: 0 records
2026-04-28 10:46:06,067 - __main__ - INFO - ✓ Geconsolideerd: 4467 deelnemers gevonden via completions
2026-04-28 11:21:40,490 - config - INFO - ✓ Database URL configured for direct data loading
2026-04-28 11:21:40,572 - __main__ - INFO - ℹ Laden van extra data uit 'participants'...
2026-04-28 11:21:40,598 - __main__ - INFO - ℹ Bouwen van users_met_scores uit completions...
2026-04-28 11:21:41,830 - __main__ - INFO - ✓ Postcodes gekoppeld: 0 records
2026-04-28 11:21:41,831 - __main__ - INFO - ✓ Geconsolideerd: 4467 deelnemers gevonden via completions
2026-04-28 11:27:53,169 - config - INFO - ✓ Database URL configured for direct data loading
2026-04-28 11:27:53,247 - __main__ - INFO - ℹ Laden van extra data uit 'participants'...
2026-04-28 11:27:53,281 - __main__ - INFO - ℹ Bouwen van users_met_scores uit completions...
2026-04-28 11:27:54,847 - __main__ - INFO - ✓ Postcodes gekoppeld: 0 records
2026-04-28 11:27:54,847 - __main__ - INFO - ✓ Geconsolideerd: 4467 deelnemers gevonden via completions
2026-04-28 11:53:50,986 - config - INFO - ✓ Database URL configured for direct data loading
2026-04-28 11:53:51,089 - __main__ - INFO - ℹ Laden van extra data uit 'participants'...
2026-04-28 11:53:51,120 - __main__ - INFO - ℹ Bouwen van users_met_scores uit completions...
2026-04-28 11:53:52,825 - __main__ - INFO - ✓ Postcodes gekoppeld: 0 records
2026-04-28 11:53:52,825 - __main__ - INFO - ✓ Geconsolideerd: 4467 deelnemers gevonden via completions
2026-04-28 12:14:04,647 - config - INFO - ✓ Database URL configured for direct data loading
2026-04-28 12:14:04,763 - __main__ - INFO - ℹ Laden van extra data uit 'participants'...
2026-04-28 12:14:04,794 - __main__ - INFO - ℹ Bouwen van users_met_scores uit completions...
2026-04-28 12:14:06,091 - __main__ - INFO - ✓ Postcodes gekoppeld: 0 records
2026-04-28 12:14:06,091 - __main__ - INFO - ✓ Geconsolideerd: 4467 deelnemers gevonden via completions
2026-04-28 13:12:16,143 - config - INFO - ✓ Database URL configured for direct data loading
2026-04-28 13:12:16,426 - __main__ - INFO - ℹ Laden van extra data uit 'participants'...
2026-04-28 13:12:16,480 - __main__ - INFO - ℹ Bouwen van users_met_scores uit completions...
2026-04-28 13:12:18,387 - __main__ - INFO - ✓ Postcodes gekoppeld: 0 records
2026-04-28 13:12:18,387 - __main__ - INFO - ✓ Geconsolideerd: 4467 deelnemers gevonden via completions
2026-04-28 13:25:39,242 - config - INFO - ✓ Database URL configured for direct data loading
2026-04-28 13:25:39,328 - __main__ - INFO - ℹ Laden van extra data uit 'participants'...
2026-04-28 13:25:39,358 - __main__ - INFO - ℹ Bouwen van users_met_scores uit completions...
2026-04-28 13:25:41,162 - __main__ - INFO - ✓ Postcodes gekoppeld: 0 records
2026-04-28 13:25:41,162 - __main__ - INFO - ✓ Geconsolideerd: 4467 deelnemers gevonden via completions
2026-04-28 13:48:46,885 - config - INFO - ✓ Database URL configured for direct data loading
2026-04-28 13:48:46,984 - __main__ - INFO - ℹ Laden van extra data uit 'participants'...
2026-04-28 13:48:47,014 - __main__ - INFO - ℹ Bouwen van users_met_scores uit completions...
2026-04-28 13:48:48,244 - __main__ - INFO - ✓ Postcodes gekoppeld: 0 records
2026-04-28 13:48:48,244 - __main__ - INFO - ✓ Geconsolideerd: 4467 deelnemers gevonden via completions
2026-04-28 14:10:57,256 - config - INFO - ✓ Database URL configured for direct data loading
2026-04-28 14:10:57,354 - __main__ - INFO - ℹ Laden van extra data uit 'participants'...
2026-04-28 14:10:57,386 - __main__ - INFO - ℹ Bouwen van users_met_scores uit completions...
2026-04-28 14:10:58,607 - __main__ - INFO - ✓ Postcodes gekoppeld: 0 records
2026-04-28 14:10:58,607 - __main__ - INFO - ✓ Geconsolideerd: 4467 deelnemers gevonden via completions
2026-04-28 14:16:14,568 - config - INFO - ✓ Database URL configured for direct data loading
2026-04-28 14:16:14,643 - __main__ - INFO - ℹ Laden van extra data uit 'participants'...
2026-04-28 14:16:14,671 - __main__ - INFO - ℹ Bouwen van users_met_scores uit completions...
2026-04-28 14:16:15,944 - __main__ - INFO - ✓ Postcodes gekoppeld: 0 records
2026-04-28 14:16:15,944 - __main__ - INFO - ✓ Geconsolideerd: 4467 deelnemers gevonden via completions
2026-04-28 15:08:42,062 - config - INFO - ✓ Database URL configured for direct data loading
2026-04-28 15:08:42,147 - __main__ - INFO - ℹ Laden van extra data uit 'participants'...
2026-04-28 15:08:42,180 - __main__ - INFO - ℹ Bouwen van users_met_scores uit completions...
2026-04-28 15:08:43,807 - __main__ - INFO - ✓ Postcodes gekoppeld: 0 records
2026-04-28 15:08:43,807 - __main__ - INFO - ✓ Geconsolideerd: 4467 deelnemers gevonden via completions
2026-04-28 15:53:09,364 - config - INFO - ✓ Database URL configured for direct data loading
2026-04-28 15:53:09,448 - __main__ - INFO - ℹ Laden van extra data uit 'participants'...
2026-04-28 15:53:09,482 - __main__ - INFO - ℹ Bouwen van users_met_scores uit completions...
2026-04-28 15:53:11,105 - __main__ - INFO - ✓ Postcodes gekoppeld: 0 records
2026-04-28 15:53:11,105 - __main__ - INFO - ✓ Geconsolideerd: 4467 deelnemers gevonden via completions
2026-04-28 16:44:55,841 - config - INFO - ✓ Database URL configured for direct data loading
2026-04-28 16:44:56,010 - __main__ - INFO - ℹ Laden van extra data uit 'participants'...
2026-04-28 16:44:56,048 - __main__ - INFO - ℹ Bouwen van users_met_scores uit completions...
2026-04-28 16:44:57,646 - __main__ - INFO - ✓ Postcodes gekoppeld: 0 records
2026-04-28 16:44:57,646 - __main__ - INFO - ✓ Geconsolideerd: 4467 deelnemers gevonden via completions
2026-04-28 17:20:37,703 - config - INFO - ✓ Database URL configured for direct data loading
2026-04-28 17:20:37,787 - __main__ - INFO - ℹ Laden van extra data uit 'participants'...
2026-04-28 17:20:37,819 - __main__ - INFO - ℹ Bouwen van users_met_scores uit completions...
2026-04-28 17:20:39,403 - __main__ - INFO - ✓ Postcodes gekoppeld: 0 records
2026-04-28 17:20:39,403 - __main__ - INFO - ✓ Geconsolideerd: 4467 deelnemers gevonden via completions
2026-04-28 17:22:10,487 - config - INFO - ✓ Database URL configured for direct data loading
2026-04-28 17:22:10,582 - __main__ - INFO - ℹ Laden van extra data uit 'participants'...
2026-04-28 17:22:10,611 - __main__ - INFO - ℹ Bouwen van users_met_scores uit completions...
2026-04-28 17:22:12,178 - __main__ - INFO - ✓ Postcodes gekoppeld: 0 records
2026-04-28 17:22:12,178 - __main__ - INFO - ✓ Geconsolideerd: 4467 deelnemers gevonden via completions
2026-04-28 17:22:17,911 - config - INFO - ✓ Database URL configured for direct data loading
2026-04-28 17:22:18,018 - __main__ - INFO - ℹ Laden van extra data uit 'participants'...
2026-04-28 17:22:18,043 - __main__ - INFO - ℹ Bouwen van users_met_scores uit completions...
2026-04-28 17:22:19,640 - __main__ - INFO - ✓ Postcodes gekoppeld: 0 records
2026-04-28 17:22:19,640 - __main__ - INFO - ✓ Geconsolideerd: 4467 deelnemers gevonden via completions
2026-04-29 09:23:23,659 - config - INFO - ✓ Database URL configured for direct data loading
2026-04-29 09:23:23,758 - __main__ - INFO - ℹ Laden van extra data uit 'participants'...
2026-04-29 09:23:23,792 - __main__ - INFO - ℹ Bouwen van users_met_scores uit completions...
2026-04-29 09:23:25,721 - __main__ - INFO - ✓ Postcodes gekoppeld: 0 records
2026-04-29 09:23:25,721 - __main__ - INFO - ✓ Geconsolideerd: 4467 deelnemers gevonden via completions
2026-04-29 09:35:01,861 - config - INFO - ✓ Database URL configured for direct data loading
2026-04-29 09:35:01,959 - __main__ - INFO - ℹ Laden van extra data uit 'participants'...
2026-04-29 09:35:01,996 - __main__ - INFO - ℹ Bouwen van users_met_scores uit completions...
2026-04-29 09:35:03,751 - __main__ - INFO - ✓ Postcodes gekoppeld: 0 records
2026-04-29 09:35:03,751 - __main__ - INFO - ✓ Geconsolideerd: 4467 deelnemers gevonden via completions
2026-04-29 09:47:24,309 - config - INFO - ✓ Database URL configured for direct data loading
2026-04-29 09:47:24,399 - __main__ - INFO - ℹ Laden van extra data uit 'participants'...
2026-04-29 09:47:24,432 - __main__ - INFO - ℹ Bouwen van users_met_scores uit completions...
2026-04-29 09:47:26,203 - __main__ - INFO - ✓ Postcodes gekoppeld: 0 records
2026-04-29 09:47:26,204 - __main__ - INFO - ✓ Geconsolideerd: 4467 deelnemers gevonden via completions
2026-04-29 10:26:40,650 - config - INFO - ✓ Database URL configured for direct data loading
2026-04-29 10:26:40,741 - data_ingestion - INFO - ✓ Geladen 2466 rijen uit smart_health.orders
2026-04-29 10:26:40,746 - data_ingestion - INFO - ✓ Geladen 2465 rijen uit public.orders
2026-04-29 10:26:40,751 - data_ingestion - INFO - ✓ Gecombineerd: 2 schema's, totaal 4931 unieke rijen
2026-04-29 10:26:40,796 - data_ingestion - INFO - ✓ Geladen 2357 rijen uit public.products
2026-04-29 10:26:40,799 - data_ingestion - INFO - ✓ Gecombineerd: 1 schema's, totaal 2324 unieke rijen
2026-04-29 10:26:40,829 - data_ingestion - INFO - ✓ Geladen 6342 rijen uit public.collected_products
2026-04-29 10:26:40,831 - data_ingestion - INFO - ✓ Gecombineerd: 1 schema's, totaal 6342 unieke rijen
2026-04-29 10:26:40,858 - data_ingestion - INFO - ✓ Geladen 7823 rijen uit public.participants
2026-04-29 10:26:40,860 - data_ingestion - INFO - ✓ Gecombineerd: 1 schema's, totaal 7823 unieke rijen
2026-04-29 10:26:40,860 - data_ingestion - WARNING - Purchase data tables have corrupted/missing columns. Missing in orders: [], collected_products: ['collectable_type', 'collectable_id'], products: ['id', 'name']
2026-04-29 10:27:40,412 - config - INFO - ✓ Database URL configured for direct data loading
2026-04-29 10:27:40,821 - data_ingestion - INFO - ✓ Geladen 6905 rijen uit smart_health.my_clic_participants
2026-04-29 10:27:40,964 - data_ingestion - INFO - ✓ Geladen 6904 rijen uit public.my_clic_participants
2026-04-29 10:27:40,969 - data_ingestion - ERROR - Fout bij laden van tabel my_clic_participants: unhashable type: 'dict'
2026-04-29 10:27:41,011 - data_ingestion - INFO - ✓ Geladen 7823 rijen uit public.participants
2026-04-29 10:27:41,012 - data_ingestion - INFO - ✓ Gecombineerd: 1 schema's, totaal 7823 unieke rijen
2026-04-29 10:31:31,120 - config - INFO - ✓ Database URL configured for direct data loading
2026-04-29 10:31:31,227 - data_ingestion - INFO - ✓ Geladen 2466 rijen uit smart_health.orders
2026-04-29 10:31:31,235 - data_ingestion - INFO - ✓ Geladen 2465 rijen uit public.orders
2026-04-29 10:31:31,240 - data_ingestion - INFO - ✓ Gecombineerd: 2 schema's, totaal 4931 unieke rijen
2026-04-29 10:31:31,276 - data_ingestion - INFO - ✓ Geladen 6342 rijen uit public.collected_products
2026-04-29 10:31:31,278 - data_ingestion - INFO - ✓ Gecombineerd: 1 schema's, totaal 6342 unieke rijen
2026-04-29 10:31:31,324 - data_ingestion - INFO - ✓ Geladen 2357 rijen uit public.products
2026-04-29 10:31:31,327 - data_ingestion - INFO - ✓ Gecombineerd: 1 schema's, totaal 2324 unieke rijen
2026-04-29 10:31:31,328 - data_ingestion - WARNING - Productkolommen hersteld op positie; ontbrak: ['id', 'name']
2026-04-29 10:31:31,328 - data_ingestion - WARNING - Collected-products kolommen hersteld op positie; ontbrak: ['collectable_type', 'collectable_id', 'product_id']
2026-04-29 10:31:31,365 - data_ingestion - INFO - ✓ Geladen 7823 rijen uit public.participants
2026-04-29 10:31:31,366 - data_ingestion - INFO - ✓ Gecombineerd: 1 schema's, totaal 7823 unieke rijen
2026-04-29 10:31:31,390 - data_ingestion - INFO - ✓ Aankopen gekoppeld aan participant_id: 0 van 1481 regels
2026-04-29 10:32:10,380 - config - INFO - ✓ Database URL configured for direct data loading
2026-04-29 10:32:10,466 - data_ingestion - INFO - ✓ Geladen 2466 rijen uit smart_health.orders
2026-04-29 10:32:10,474 - data_ingestion - INFO - ✓ Geladen 2465 rijen uit public.orders
2026-04-29 10:32:10,478 - data_ingestion - INFO - ✓ Gecombineerd: 2 schema's, totaal 4931 unieke rijen
2026-04-29 10:32:10,517 - data_ingestion - INFO - ✓ Geladen 6342 rijen uit public.collected_products
2026-04-29 10:32:10,519 - data_ingestion - INFO - ✓ Gecombineerd: 1 schema's, totaal 6342 unieke rijen
2026-04-29 10:32:10,568 - data_ingestion - INFO - ✓ Geladen 2357 rijen uit public.products
2026-04-29 10:32:10,571 - data_ingestion - INFO - ✓ Gecombineerd: 1 schema's, totaal 2324 unieke rijen
2026-04-29 10:32:10,571 - data_ingestion - WARNING - Productkolommen hersteld op positie; ontbrak: ['id', 'name']
2026-04-29 10:32:10,571 - data_ingestion - WARNING - Collected-products kolommen hersteld op positie; ontbrak: ['collectable_type', 'collectable_id', 'product_id']
2026-04-29 10:32:10,610 - data_ingestion - INFO - ✓ Geladen 7823 rijen uit public.participants
2026-04-29 10:32:10,611 - data_ingestion - INFO - ✓ Gecombineerd: 1 schema's, totaal 7823 unieke rijen
2026-04-29 10:32:10,643 - data_ingestion - INFO - ✓ Aankopen gekoppeld aan participant_id: 1481 van 1481 regels
2026-04-29 10:32:56,776 - config - INFO - ✓ Database URL configured for direct data loading
2026-04-29 10:32:56,874 - data_ingestion - INFO - ✓ Geladen 2466 rijen uit smart_health.orders
2026-04-29 10:32:56,880 - data_ingestion - INFO - ✓ Geladen 2465 rijen uit public.orders
2026-04-29 10:32:56,885 - data_ingestion - INFO - ✓ Gecombineerd: 2 schema's, totaal 4931 unieke rijen
2026-04-29 10:32:56,927 - data_ingestion - INFO - ✓ Geladen 6342 rijen uit public.collected_products
2026-04-29 10:32:56,929 - data_ingestion - INFO - ✓ Gecombineerd: 1 schema's, totaal 6342 unieke rijen
2026-04-29 10:32:56,972 - data_ingestion - INFO - ✓ Geladen 2357 rijen uit public.products
2026-04-29 10:32:56,975 - data_ingestion - INFO - ✓ Gecombineerd: 1 schema's, totaal 2324 unieke rijen
2026-04-29 10:32:56,975 - data_ingestion - WARNING - Productkolommen hersteld op positie; ontbrak: ['id', 'name']
2026-04-29 10:32:56,975 - data_ingestion - WARNING - Collected-products kolommen hersteld op positie; ontbrak: ['collectable_type', 'collectable_id', 'product_id']
2026-04-29 10:32:57,014 - data_ingestion - INFO - ✓ Geladen 7823 rijen uit public.participants
2026-04-29 10:32:57,015 - data_ingestion - INFO - ✓ Gecombineerd: 1 schema's, totaal 7823 unieke rijen
2026-04-29 10:32:57,043 - data_ingestion - INFO - ✓ Aankopen gekoppeld aan participant_id: 1481 van 1481 regels
2026-04-29 10:33:28,440 - config - INFO - ✓ Database URL configured for direct data loading
2026-04-29 10:33:28,539 - data_ingestion - INFO - ✓ Geladen 2466 rijen uit smart_health.orders
2026-04-29 10:33:28,546 - data_ingestion - INFO - ✓ Geladen 2465 rijen uit public.orders
2026-04-29 10:33:28,551 - data_ingestion - INFO - ✓ Gecombineerd: 2 schema's, totaal 4931 unieke rijen
2026-04-29 10:33:28,587 - data_ingestion - INFO - ✓ Geladen 6342 rijen uit public.collected_products
2026-04-29 10:33:28,589 - data_ingestion - INFO - ✓ Gecombineerd: 1 schema's, totaal 6342 unieke rijen
2026-04-29 10:33:28,633 - data_ingestion - INFO - ✓ Geladen 2357 rijen uit public.products
2026-04-29 10:33:28,636 - data_ingestion - INFO - ✓ Gecombineerd: 1 schema's, totaal 2324 unieke rijen
2026-04-29 10:33:28,637 - data_ingestion - WARNING - Productkolommen hersteld op positie; ontbrak: ['id', 'name']
2026-04-29 10:33:28,637 - data_ingestion - WARNING - Collected-products kolommen hersteld op positie; ontbrak: ['collectable_type', 'collectable_id', 'product_id']
2026-04-29 10:33:28,675 - data_ingestion - INFO - ✓ Geladen 7823 rijen uit public.participants
2026-04-29 10:33:28,677 - data_ingestion - INFO - ✓ Gecombineerd: 1 schema's, totaal 7823 unieke rijen
2026-04-29 10:33:28,708 - data_ingestion - INFO - ✓ Aankopen gekoppeld aan participant_id: 1481 van 1481 regels
2026-04-29 11:05:56,921 - config - INFO - ✓ Database URL configured for direct data loading
2026-04-29 11:05:57,019 - data_ingestion - INFO - ✓ Geladen 2466 rijen uit smart_health.orders
2026-04-29 11:05:57,027 - data_ingestion - INFO - ✓ Geladen 2465 rijen uit public.orders
2026-04-29 11:05:57,031 - data_ingestion - INFO - ✓ Gecombineerd: 2 schema's, totaal 4931 unieke rijen
2026-04-29 11:05:57,069 - data_ingestion - INFO - ✓ Geladen 6342 rijen uit public.collected_products
2026-04-29 11:05:57,071 - data_ingestion - INFO - ✓ Gecombineerd: 1 schema's, totaal 6342 unieke rijen
2026-04-29 11:05:57,114 - data_ingestion - INFO - ✓ Geladen 2357 rijen uit public.products
2026-04-29 11:05:57,117 - data_ingestion - INFO - ✓ Gecombineerd: 1 schema's, totaal 2324 unieke rijen
2026-04-29 11:05:57,118 - data_ingestion - WARNING - Productkolommen hersteld op positie; ontbrak: ['id', 'name']
2026-04-29 11:05:57,118 - data_ingestion - WARNING - Collected-products kolommen hersteld op positie; ontbrak: ['collectable_type', 'collectable_id', 'product_id']
2026-04-29 11:05:57,157 - data_ingestion - INFO - ✓ Geladen 7823 rijen uit public.participants
2026-04-29 11:05:57,158 - data_ingestion - INFO - ✓ Gecombineerd: 1 schema's, totaal 7823 unieke rijen
2026-04-29 11:05:57,184 - data_ingestion - INFO - ✓ Aankopen gekoppeld aan participant_id: 1481 van 1481 regels
2026-04-29 11:07:19,488 - config - INFO - ✓ Database URL configured for direct data loading
2026-04-29 11:07:19,570 - __main__ - INFO - ℹ Laden van extra data uit 'participants'...
2026-04-29 11:07:19,598 - __main__ - INFO - ℹ Bouwen van users_met_scores uit completions...
2026-04-29 11:07:21,227 - __main__ - INFO - ✓ Postcodes gekoppeld: 0 records
2026-04-29 11:07:21,227 - __main__ - INFO - ✓ Geconsolideerd: 4467 deelnemers gevonden via completions
2026-04-30 10:57:11,862 - config - INFO - ✓ Database URL configured for direct data loading
2026-04-30 10:57:11,942 - __main__ - INFO - ℹ Laden van extra data uit 'participants'...
2026-04-30 10:57:11,969 - __main__ - INFO - ℹ Bouwen van users_met_scores uit completions...
2026-04-30 10:57:13,582 - __main__ - INFO - ✓ Postcodes gekoppeld: 0 records
2026-04-30 10:57:13,582 - __main__ - INFO - ✓ Geconsolideerd: 4467 deelnemers gevonden via completions
2026-04-30 11:07:58,212 - config - INFO - ✓ Database URL configured for direct data loading
2026-04-30 11:07:58,298 - __main__ - INFO - ℹ Laden van extra data uit 'participants'...
2026-04-30 11:07:58,328 - __main__ - INFO - ℹ Bouwen van users_met_scores uit completions...
2026-04-30 11:07:59,916 - __main__ - INFO - ✓ Postcodes gekoppeld: 0 records
2026-04-30 11:07:59,916 - __main__ - INFO - ✓ Geconsolideerd: 4467 deelnemers gevonden via completions
2026-04-30 11:24:52,777 - config - INFO - ✓ Database URL configured for direct data loading
2026-04-30 11:24:52,868 - __main__ - INFO - ℹ Laden van extra data uit 'participants'...
2026-04-30 11:24:52,902 - __main__ - INFO - ℹ Bouwen van users_met_scores uit completions...
2026-04-30 11:24:54,516 - __main__ - INFO - ✓ Postcodes gekoppeld: 0 records
2026-04-30 11:24:54,516 - __main__ - INFO - ✓ Geconsolideerd: 4467 deelnemers gevonden via completions
2026-04-30 11:35:07,383 - config - INFO - ✓ Database URL configured for direct data loading
2026-04-30 11:35:07,467 - __main__ - INFO - ℹ Laden van extra data uit 'participants'...
2026-04-30 11:35:07,495 - __main__ - INFO - ℹ Bouwen van users_met_scores uit completions...
2026-04-30 11:35:09,069 - __main__ - INFO - ✓ Postcodes gekoppeld: 0 records
2026-04-30 11:35:09,069 - __main__ - INFO - ✓ Geconsolideerd: 4467 deelnemers gevonden via completions
2026-04-30 12:32:35,531 - config - INFO - ✓ Database URL configured for direct data loading
2026-04-30 12:32:35,814 - __main__ - INFO - ℹ Laden van extra data uit 'participants'...
2026-04-30 12:32:35,870 - __main__ - INFO - ℹ Bouwen van users_met_scores uit completions...
2026-04-30 12:32:37,599 - __main__ - INFO - ✓ Postcodes gekoppeld: 0 records
2026-04-30 12:32:37,600 - __main__ - INFO - ✓ Geconsolideerd: 4467 deelnemers gevonden via completions
2026-04-30 14:01:39,192 - config - INFO - ✓ Database URL configured for direct data loading
2026-04-30 14:01:39,279 - __main__ - INFO - ℹ Laden van extra data uit 'participants'...
2026-04-30 14:01:39,308 - __main__ - INFO - ℹ Bouwen van users_met_scores uit completions...
2026-04-30 14:01:41,012 - __main__ - INFO - ✓ Postcodes gekoppeld: 0 records
2026-04-30 14:01:41,012 - __main__ - INFO - ✓ Geconsolideerd: 4467 deelnemers gevonden via completions
2026-04-30 14:07:34,719 - config - INFO - ✓ Database URL configured for direct data loading
2026-04-30 14:07:34,805 - __main__ - INFO - ℹ Laden van extra data uit 'participants'...
2026-04-30 14:07:34,838 - __main__ - INFO - ℹ Bouwen van users_met_scores uit completions...
2026-04-30 14:07:36,529 - __main__ - INFO - ✓ Postcodes gekoppeld: 0 records
2026-04-30 14:07:36,529 - __main__ - INFO - ✓ Geconsolideerd: 4467 deelnemers gevonden via completions
2026-04-30 14:30:32,096 - config - INFO - ✓ Database URL configured for direct data loading
2026-04-30 14:30:32,181 - __main__ - INFO - ℹ Laden van extra data uit 'participants'...
2026-04-30 14:30:32,213 - __main__ - INFO - ℹ Bouwen van users_met_scores uit completions...
2026-04-30 14:30:33,859 - __main__ - INFO - ✓ Postcodes gekoppeld: 0 records
2026-04-30 14:30:33,859 - __main__ - INFO - ✓ Geconsolideerd: 4467 deelnemers gevonden via completions
2026-04-30 14:42:14,228 - config - INFO - ✓ Database URL configured for direct data loading
2026-04-30 14:42:14,316 - __main__ - INFO - ℹ Laden van extra data uit 'participants'...
2026-04-30 14:42:14,348 - __main__ - INFO - ℹ Bouwen van users_met_scores uit completions...
2026-04-30 14:42:15,956 - __main__ - INFO - ✓ Postcodes gekoppeld: 0 records
2026-04-30 14:42:15,956 - __main__ - INFO - ✓ Geconsolideerd: 4467 deelnemers gevonden via completions
2026-04-30 15:00:13,951 - config - INFO - ✓ Database URL configured for direct data loading
2026-04-30 15:00:14,197 - __main__ - INFO - ℹ Laden van extra data uit 'participants'...
2026-04-30 15:00:14,254 - __main__ - INFO - ℹ Bouwen van users_met_scores uit completions...
2026-04-30 15:00:15,958 - __main__ - INFO - ✓ Postcodes gekoppeld: 0 records
2026-04-30 15:00:15,958 - __main__ - INFO - ✓ Geconsolideerd: 4467 deelnemers gevonden via completions
2026-04-30 17:04:23,510 - config - INFO - ✓ Database URL configured for direct data loading
2026-04-30 17:04:23,600 - __main__ - INFO - ℹ Laden van extra data uit 'participants'...
2026-04-30 17:04:23,632 - __main__ - INFO - ℹ Bouwen van users_met_scores uit completions...
2026-04-30 17:04:25,139 - __main__ - INFO - ✓ Postcodes gekoppeld: 0 records
2026-04-30 17:04:25,139 - __main__ - INFO - ✓ Geconsolideerd: 4467 deelnemers gevonden via completions
2026-04-30 17:21:01,704 - config - INFO - ✓ Database URL configured for direct data loading
2026-04-30 17:21:01,781 - __main__ - INFO - ℹ Laden van extra data uit 'participants'...
2026-04-30 17:21:01,812 - __main__ - INFO - ℹ Bouwen van users_met_scores uit completions...
2026-04-30 17:21:03,398 - __main__ - INFO - ✓ Postcodes gekoppeld: 0 records
2026-04-30 17:21:03,399 - __main__ - INFO - ✓ Geconsolideerd: 4467 deelnemers gevonden via completions
2026-04-30 17:28:43,632 - config - INFO - ✓ Database URL configured for direct data loading
2026-04-30 17:28:43,714 - __main__ - INFO - ℹ Laden van extra data uit 'participants'...
2026-04-30 17:28:43,741 - __main__ - INFO - ℹ Bouwen van users_met_scores uit completions...
2026-04-30 17:28:45,313 - __main__ - INFO - ✓ Postcodes gekoppeld: 0 records
2026-04-30 17:28:45,313 - __main__ - INFO - ✓ Geconsolideerd: 4467 deelnemers gevonden via completions
2026-05-01 14:07:59,883 - config - INFO - ✓ Database URL configured for direct data loading
2026-05-01 14:08:00,188 - __main__ - INFO - ℹ Laden van extra data uit 'participants'...
2026-05-01 14:08:00,265 - __main__ - INFO - ℹ Bouwen van users_met_scores uit completions...
2026-05-01 14:08:01,946 - __main__ - INFO - ✓ Postcodes gekoppeld: 0 records
2026-05-01 14:08:01,946 - __main__ - INFO - ✓ Geconsolideerd: 4467 deelnemers gevonden via completions
2026-05-01 16:03:33,616 - config - INFO - ✓ Database URL configured for direct data loading
2026-05-01 16:03:33,765 - __main__ - INFO - ℹ Laden van extra data uit 'participants'...
2026-05-01 16:03:33,803 - __main__ - INFO - ℹ Bouwen van users_met_scores uit completions...
2026-05-01 16:03:35,411 - __main__ - INFO - ✓ Postcodes gekoppeld: 0 records
2026-05-01 16:03:35,411 - __main__ - INFO - ✓ Geconsolideerd: 4467 deelnemers gevonden via completions
2026-05-01 16:49:15,939 - config - INFO - ✓ Database URL configured for direct data loading
2026-05-01 16:49:16,024 - __main__ - INFO - ℹ Laden van extra data uit 'participants'...
2026-05-01 16:49:16,057 - __main__ - INFO - ℹ Bouwen van users_met_scores uit completions...
2026-05-01 16:49:17,770 - __main__ - INFO - ✓ Postcodes gekoppeld: 0 records
2026-05-01 16:49:17,770 - __main__ - INFO - ✓ Geconsolideerd: 4467 deelnemers gevonden via completions
2026-05-04 17:04:11,316 - config - INFO - ✓ Database URL configured for direct data loading
2026-05-04 17:04:11,393 - __main__ - INFO - ℹ Laden van extra data uit 'participants'...
2026-05-04 17:04:11,418 - __main__ - INFO - ℹ Bouwen van users_met_scores uit completions...
2026-05-04 17:04:13,513 - __main__ - INFO - ✓ Postcodes gekoppeld: 0 records
2026-05-04 17:04:13,514 - __main__ - INFO - ✓ Geconsolideerd: 4467 deelnemers gevonden via completions
2026-05-05 09:10:50,480 - config - INFO - ✓ Database URL configured for direct data loading
2026-05-05 09:10:50,695 - __main__ - INFO - ℹ Laden van extra data uit 'participants'...
2026-05-05 09:10:50,737 - __main__ - INFO - ℹ Bouwen van users_met_scores uit completions...
2026-05-05 09:10:52,856 - __main__ - INFO - ✓ Postcodes gekoppeld: 0 records
2026-05-05 09:10:52,856 - __main__ - INFO - ✓ Geconsolideerd: 4467 deelnemers gevonden via completions
2026-05-05 11:44:03,664 - config - INFO - ✓ Database URL configured for direct data loading
2026-05-05 11:44:03,758 - __main__ - INFO - ℹ Laden van extra data uit 'participants'...
2026-05-05 11:44:03,788 - __main__ - INFO - ℹ Bouwen van users_met_scores uit completions...
2026-05-05 11:44:04,637 - config - INFO - ✓ Database URL configured for direct data loading
2026-05-05 11:44:04,735 - __main__ - INFO - ℹ Laden van extra data uit 'participants'...
2026-05-05 11:44:04,759 - __main__ - INFO - ℹ Bouwen van users_met_scores uit completions...
2026-05-05 11:44:05,792 - __main__ - INFO - ✓ Postcodes gekoppeld: 0 records
2026-05-05 11:44:05,792 - __main__ - INFO - ✓ Geconsolideerd: 4467 deelnemers gevonden via completions
2026-05-05 11:44:06,021 - __main__ - INFO - ✓ Postcodes gekoppeld: 0 records
2026-05-05 11:44:06,022 - __main__ - INFO - ✓ Geconsolideerd: 4467 deelnemers gevonden via completions
2026-05-05 12:06:35,810 - config - INFO - ✓ Database URL configured for direct data loading
2026-05-05 12:06:35,980 - __main__ - INFO - ℹ Laden van extra data uit 'participants'...
2026-05-05 12:06:36,025 - __main__ - INFO - ℹ Bouwen van users_met_scores uit completions...
2026-05-05 12:06:37,796 - __main__ - INFO - ✓ Postcodes gekoppeld: 0 records
2026-05-05 12:06:37,796 - __main__ - INFO - ✓ Geconsolideerd: 4467 deelnemers gevonden via completions
2026-05-05 17:05:01,663 - config - INFO - ✓ Database URL configured for direct data loading
2026-05-05 17:05:01,846 - __main__ - INFO - ℹ Laden van extra data uit 'participants'...
2026-05-05 17:05:01,880 - __main__ - INFO - ℹ Bouwen van users_met_scores uit completions...
2026-05-05 17:05:03,584 - __main__ - INFO - ✓ Postcodes gekoppeld: 0 records
2026-05-05 17:05:03,584 - __main__ - INFO - ✓ Geconsolideerd: 4467 deelnemers gevonden via completions
2026-05-05 17:10:35,433 - config - INFO - ✓ Database URL configured for direct data loading
2026-05-05 17:10:35,516 - __main__ - INFO - ℹ Laden van extra data uit 'participants'...
2026-05-05 17:10:35,557 - __main__ - INFO - ℹ Bouwen van users_met_scores uit completions...
2026-05-05 17:10:37,227 - __main__ - INFO - ✓ Postcodes gekoppeld: 0 records
2026-05-05 17:10:37,227 - __main__ - INFO - ✓ Geconsolideerd: 4467 deelnemers gevonden via completions
2026-05-06 09:54:25,986 - config - INFO - ✓ Database URL configured for direct data loading
2026-05-06 09:54:26,631 - __main__ - INFO - ℹ Laden van extra data uit 'participants'...
2026-05-06 09:54:26,793 - __main__ - INFO - ℹ Bouwen van users_met_scores uit completions...
2026-05-06 09:54:28,775 - __main__ - INFO - ✓ Postcodes gekoppeld: 0 records
2026-05-06 09:54:28,775 - __main__ - INFO - ✓ Geconsolideerd: 4467 deelnemers gevonden via completions
2026-05-06 09:57:34,699 - config - INFO - ✓ Database URL configured for direct data loading
2026-05-06 09:57:34,781 - __main__ - INFO - ℹ Laden van extra data uit 'participants'...
2026-05-06 09:57:34,811 - __main__ - INFO - ℹ Bouwen van users_met_scores uit completions...
2026-05-06 09:57:36,573 - __main__ - INFO - ✓ Postcodes gekoppeld: 0 records
2026-05-06 09:57:36,573 - __main__ - INFO - ✓ Geconsolideerd: 4467 deelnemers gevonden via completions
2026-05-06 17:14:02,918 - config - INFO - ✓ Database URL configured for direct data loading
2026-05-06 17:14:03,081 - __main__ - INFO - ℹ Laden van extra data uit 'participants'...
2026-05-06 17:14:03,126 - __main__ - INFO - ℹ Bouwen van users_met_scores uit completions...
2026-05-06 17:14:05,017 - __main__ - INFO - ✓ Postcodes gekoppeld: 0 records
2026-05-06 17:14:05,017 - __main__ - INFO - ✓ Geconsolideerd: 4467 deelnemers gevonden via completions
2026-05-07 09:34:36,518 - config - INFO - ✓ Database URL configured for direct data loading
2026-05-07 09:34:36,597 - __main__ - INFO - ℹ Laden van extra data uit 'participants'...
2026-05-07 09:34:36,628 - __main__ - INFO - ℹ Bouwen van users_met_scores uit completions...
2026-05-07 09:34:38,756 - __main__ - INFO - ✓ Postcodes gekoppeld: 0 records
2026-05-07 09:34:38,756 - __main__ - INFO - ✓ Geconsolideerd: 4467 deelnemers gevonden via completions
2026-05-07 09:46:34,983 - config - INFO - ✓ Database URL configured for direct data loading
2026-05-07 09:46:35,071 - __main__ - INFO - ℹ Laden van extra data uit 'participants'...
2026-05-07 09:46:35,105 - __main__ - INFO - ℹ Bouwen van users_met_scores uit completions...
2026-05-07 09:46:37,053 - __main__ - INFO - ✓ Postcodes gekoppeld: 0 records
2026-05-07 09:46:37,053 - __main__ - INFO - ✓ Geconsolideerd: 4467 deelnemers gevonden via completions
2026-05-07 09:54:10,341 - config - INFO - ✓ Database URL configured for direct data loading
2026-05-07 09:54:10,429 - __main__ - INFO - ℹ Laden van extra data uit 'participants'...
2026-05-07 09:54:10,459 - __main__ - INFO - ℹ Bouwen van users_met_scores uit completions...
2026-05-07 09:54:12,447 - __main__ - INFO - ✓ Postcodes gekoppeld: 0 records
2026-05-07 09:54:12,447 - __main__ - INFO - ✓ Geconsolideerd: 4467 deelnemers gevonden via completions
2026-05-07 11:59:42,114 - config - INFO - ✓ Database URL geconfigureerd: localhost/smart_health
2026-05-07 11:59:42,206 - __main__ - INFO - ℹ Laden van extra data uit 'participants'...
2026-05-07 11:59:42,234 - __main__ - INFO - ℹ Bouwen van users_met_scores uit completions...
2026-05-07 11:59:44,258 - __main__ - INFO - ✓ Postcodes gekoppeld: 0 records
2026-05-07 11:59:44,258 - __main__ - INFO - ✓ Geconsolideerd: 4467 deelnemers gevonden via completions
2026-05-07 13:18:03,860 - config - INFO - ✓ Database URL geconfigureerd: localhost/smart_health
2026-05-07 13:18:03,938 - __main__ - INFO - ℹ Laden van extra data uit 'participants'...
2026-05-07 13:18:03,969 - __main__ - INFO - ℹ Bouwen van users_met_scores uit completions...
2026-05-07 13:18:06,086 - __main__ - INFO - ✓ Geconsolideerd: 4467 deelnemers gevonden via completions
